// Jest Snapshot v1, https://goo.gl/fbAQLP

exports[`Properties component rendering renders correctly 1`] = `ShallowWrapper {}`;
