// Jest Snapshot v1, https://goo.gl/fbAQLP

exports[`ProfileList component rendering renders correctly 1`] = `ShallowWrapper {}`;
