// Jest Snapshot v1, https://goo.gl/fbAQLP

exports[`Sidebar component rendering renders correctly 1`] = `ShallowWrapper {}`;
