// Jest Snapshot v1, https://goo.gl/fbAQLP

exports[`PropertyItem component rendering renders correctly 1`] = `ShallowWrapper {}`;
