// Jest Snapshot v1, https://goo.gl/fbAQLP

exports[`TeamItem component rendering renders correctly 1`] = `ShallowWrapper {}`;
