// Jest Snapshot v1, https://goo.gl/fbAQLP

exports[`Item component rendering renders correctly 1`] = `ShallowWrapper {}`;
