// Jest Snapshot v1, https://goo.gl/fbAQLP

exports[`FolderSortButton component rendering renders correctly 1`] = `ShallowWrapper {}`;
