// Jest Snapshot v1, https://goo.gl/fbAQLP

exports[`Dropdown component rendering renders correctly 1`] = `ShallowWrapper {}`;
