// Jest Snapshot v1, https://goo.gl/fbAQLP

exports[`MobileProperties component rendering renders correctly 1`] = `ShallowWrapper {}`;
